2026-02-11 13:02:57 +07:00: [dotenv@17.2.3] injecting env (0) from .env -- tip: 🛠️  run anywhere with `dotenvx run -- yourcommand`
2026-02-11 13:02:57 +07:00: Server is running on port 3000
2026-02-11 13:02:57 +07:00: Swagger Docs available at http://localhost:3000/api-docs
2026-02-11 13:05:09 +07:00: prisma:query SELECT "public"."SuperAdmin"."id", "public"."SuperAdmin"."email", "public"."SuperAdmin"."password", "public"."SuperAdmin"."name", "public"."SuperAdmin"."createdAt", "public"."SuperAdmin"."updatedAt" FROM "public"."SuperAdmin" WHERE ("public"."SuperAdmin"."email" = $1 AND 1=1) LIMIT $2 OFFSET $3
2026-02-11 13:05:09 +07:00: prisma:query SELECT "public"."Tenant"."id", "public"."Tenant"."name", "public"."Tenant"."schemaName", "public"."Tenant"."isActive", "public"."Tenant"."createdAt", "public"."Tenant"."updatedAt" FROM "public"."Tenant" WHERE "public"."Tenant"."isActive" = $1 OFFSET $2
2026-02-11 13:05:09 +07:00: prisma:query SELECT "public"."Tenant"."id", "public"."Tenant"."name", "public"."Tenant"."schemaName", "public"."Tenant"."isActive", "public"."Tenant"."createdAt", "public"."Tenant"."updatedAt" FROM "public"."Tenant" WHERE ("public"."Tenant"."id" = $1 AND 1=1) LIMIT $2 OFFSET $3
2026-02-11 13:05:10 +07:00: prisma:query SELECT "public"."Tenant"."id", "public"."Tenant"."name", "public"."Tenant"."schemaName", "public"."Tenant"."isActive", "public"."Tenant"."createdAt", "public"."Tenant"."updatedAt" FROM "public"."Tenant" WHERE ("public"."Tenant"."id" = $1 AND 1=1) LIMIT $2 OFFSET $3
2026-02-11 13:05:10 +07:00: prisma:query SELECT "public"."Tenant"."id", "public"."Tenant"."name", "public"."Tenant"."schemaName", "public"."Tenant"."isActive", "public"."Tenant"."createdAt", "public"."Tenant"."updatedAt" FROM "public"."Tenant" WHERE ("public"."Tenant"."id" = $1 AND 1=1) LIMIT $2 OFFSET $3
2026-02-11 13:05:28 +07:00: prisma:query SELECT 1
2026-02-11 13:05:28 +07:00: prisma:query SELECT "public"."SuperAdmin"."id", "public"."SuperAdmin"."email", "public"."SuperAdmin"."password", "public"."SuperAdmin"."name", "public"."SuperAdmin"."createdAt", "public"."SuperAdmin"."updatedAt" FROM "public"."SuperAdmin" WHERE ("public"."SuperAdmin"."email" = $1 AND 1=1) LIMIT $2 OFFSET $3
2026-02-11 13:05:28 +07:00: prisma:query SELECT "public"."Tenant"."id", "public"."Tenant"."name", "public"."Tenant"."schemaName", "public"."Tenant"."isActive", "public"."Tenant"."createdAt", "public"."Tenant"."updatedAt" FROM "public"."Tenant" WHERE "public"."Tenant"."isActive" = $1 OFFSET $2
2026-02-11 13:05:29 +07:00: prisma:query SELECT "public"."Tenant"."id", "public"."Tenant"."name", "public"."Tenant"."schemaName", "public"."Tenant"."isActive", "public"."Tenant"."createdAt", "public"."Tenant"."updatedAt" FROM "public"."Tenant" WHERE ("public"."Tenant"."id" = $1 AND 1=1) LIMIT $2 OFFSET $3
2026-02-11 13:05:29 +07:00: prisma:query SELECT "public"."Tenant"."id", "public"."Tenant"."name", "public"."Tenant"."schemaName", "public"."Tenant"."isActive", "public"."Tenant"."createdAt", "public"."Tenant"."updatedAt" FROM "public"."Tenant" WHERE ("public"."Tenant"."id" = $1 AND 1=1) LIMIT $2 OFFSET $3
2026-02-11 13:05:30 +07:00: prisma:query SELECT "public"."Tenant"."id", "public"."Tenant"."name", "public"."Tenant"."schemaName", "public"."Tenant"."isActive", "public"."Tenant"."createdAt", "public"."Tenant"."updatedAt" FROM "public"."Tenant" WHERE ("public"."Tenant"."id" = $1 AND 1=1) LIMIT $2 OFFSET $3
2026-02-11 13:05:36 +07:00: prisma:query SELECT "public"."SuperAdmin"."id", "public"."SuperAdmin"."email", "public"."SuperAdmin"."password", "public"."SuperAdmin"."name", "public"."SuperAdmin"."createdAt", "public"."SuperAdmin"."updatedAt" FROM "public"."SuperAdmin" WHERE ("public"."SuperAdmin"."email" = $1 AND 1=1) LIMIT $2 OFFSET $3
2026-02-11 13:05:36 +07:00: prisma:query SELECT "public"."Tenant"."id", "public"."Tenant"."name", "public"."Tenant"."schemaName", "public"."Tenant"."isActive", "public"."Tenant"."createdAt", "public"."Tenant"."updatedAt" FROM "public"."Tenant" WHERE "public"."Tenant"."isActive" = $1 OFFSET $2
2026-02-11 13:05:37 +07:00: prisma:query SELECT "public"."Tenant"."id", "public"."Tenant"."name", "public"."Tenant"."schemaName", "public"."Tenant"."isActive", "public"."Tenant"."createdAt", "public"."Tenant"."updatedAt" FROM "public"."Tenant" WHERE ("public"."Tenant"."id" = $1 AND 1=1) LIMIT $2 OFFSET $3
2026-02-11 13:05:39 +07:00: prisma:query SELECT "public"."Tenant"."id", "public"."Tenant"."name", "public"."Tenant"."schemaName", "public"."Tenant"."isActive", "public"."Tenant"."createdAt", "public"."Tenant"."updatedAt" FROM "public"."Tenant" WHERE ("public"."Tenant"."id" = $1 AND 1=1) LIMIT $2 OFFSET $3
2026-02-11 13:05:44 +07:00: prisma:query SELECT 1
2026-02-11 13:05:44 +07:00: prisma:query SELECT "public"."Tenant"."id", "public"."Tenant"."name", "public"."Tenant"."schemaName", "public"."Tenant"."isActive", "public"."Tenant"."createdAt", "public"."Tenant"."updatedAt" FROM "public"."Tenant" WHERE ("public"."Tenant"."id" = $1 AND 1=1) LIMIT $2 OFFSET $3
2026-02-11 13:05:45 +07:00: prisma:query SELECT "public"."Tenant"."id", "public"."Tenant"."name", "public"."Tenant"."schemaName", "public"."Tenant"."isActive", "public"."Tenant"."createdAt", "public"."Tenant"."updatedAt" FROM "public"."Tenant" WHERE ("public"."Tenant"."id" = $1 AND 1=1) LIMIT $2 OFFSET $3
2026-02-11 13:05:45 +07:00: prisma:query SELECT "public"."Tenant"."id", "public"."Tenant"."name", "public"."Tenant"."schemaName", "public"."Tenant"."isActive", "public"."Tenant"."createdAt", "public"."Tenant"."updatedAt" FROM "public"."Tenant" WHERE ("public"."Tenant"."id" = $1 AND 1=1) LIMIT $2 OFFSET $3
2026-02-11 13:06:17 +07:00: prisma:query SELECT 1
2026-02-11 13:06:17 +07:00: prisma:query SELECT "public"."SuperAdmin"."id", "public"."SuperAdmin"."email", "public"."SuperAdmin"."password", "public"."SuperAdmin"."name", "public"."SuperAdmin"."createdAt", "public"."SuperAdmin"."updatedAt" FROM "public"."SuperAdmin" WHERE ("public"."SuperAdmin"."email" = $1 AND 1=1) LIMIT $2 OFFSET $3
2026-02-11 13:06:17 +07:00: prisma:query SELECT "public"."Tenant"."id", "public"."Tenant"."name", "public"."Tenant"."schemaName", "public"."Tenant"."isActive", "public"."Tenant"."createdAt", "public"."Tenant"."updatedAt" FROM "public"."Tenant" WHERE "public"."Tenant"."isActive" = $1 OFFSET $2
2026-02-11 13:06:18 +07:00: prisma:query SELECT "public"."Tenant"."id", "public"."Tenant"."name", "public"."Tenant"."schemaName", "public"."Tenant"."isActive", "public"."Tenant"."createdAt", "public"."Tenant"."updatedAt" FROM "public"."Tenant" WHERE ("public"."Tenant"."id" = $1 AND 1=1) LIMIT $2 OFFSET $3
2026-02-11 13:06:18 +07:00: prisma:query SELECT "public"."Tenant"."id", "public"."Tenant"."name", "public"."Tenant"."schemaName", "public"."Tenant"."isActive", "public"."Tenant"."createdAt", "public"."Tenant"."updatedAt" FROM "public"."Tenant" WHERE ("public"."Tenant"."id" = $1 AND 1=1) LIMIT $2 OFFSET $3
2026-02-11 13:06:19 +07:00: prisma:query SELECT "public"."Tenant"."id", "public"."Tenant"."name", "public"."Tenant"."schemaName", "public"."Tenant"."isActive", "public"."Tenant"."createdAt", "public"."Tenant"."updatedAt" FROM "public"."Tenant" WHERE ("public"."Tenant"."id" = $1 AND 1=1) LIMIT $2 OFFSET $3
2026-02-11 13:06:28 +07:00: prisma:query SELECT "public"."Tenant"."id", "public"."Tenant"."name", "public"."Tenant"."schemaName", "public"."Tenant"."isActive", "public"."Tenant"."createdAt", "public"."Tenant"."updatedAt" FROM "public"."Tenant" WHERE ("public"."Tenant"."id" = $1 AND 1=1) LIMIT $2 OFFSET $3
2026-02-11 19:39:52 +07:00: prisma:query SELECT "public"."SuperAdmin"."id", "public"."SuperAdmin"."email", "public"."SuperAdmin"."password", "public"."SuperAdmin"."name", "public"."SuperAdmin"."createdAt", "public"."SuperAdmin"."updatedAt" FROM "public"."SuperAdmin" WHERE ("public"."SuperAdmin"."email" = $1 AND 1=1) LIMIT $2 OFFSET $3
2026-02-11 19:39:52 +07:00: prisma:query SELECT "public"."Tenant"."id", "public"."Tenant"."name", "public"."Tenant"."schemaName", "public"."Tenant"."isActive", "public"."Tenant"."createdAt", "public"."Tenant"."updatedAt" FROM "public"."Tenant" WHERE "public"."Tenant"."isActive" = $1 OFFSET $2
2026-02-11 19:39:53 +07:00: prisma:query SELECT "public"."Tenant"."id", "public"."Tenant"."name", "public"."Tenant"."schemaName", "public"."Tenant"."isActive", "public"."Tenant"."createdAt", "public"."Tenant"."updatedAt" FROM "public"."Tenant" WHERE ("public"."Tenant"."id" = $1 AND 1=1) LIMIT $2 OFFSET $3
2026-02-11 19:39:53 +07:00: prisma:query SELECT "public"."Tenant"."id", "public"."Tenant"."name", "public"."Tenant"."schemaName", "public"."Tenant"."isActive", "public"."Tenant"."createdAt", "public"."Tenant"."updatedAt" FROM "public"."Tenant" WHERE ("public"."Tenant"."id" = $1 AND 1=1) LIMIT $2 OFFSET $3
2026-02-11 19:39:53 +07:00: prisma:query SELECT "public"."Tenant"."id", "public"."Tenant"."name", "public"."Tenant"."schemaName", "public"."Tenant"."isActive", "public"."Tenant"."createdAt", "public"."Tenant"."updatedAt" FROM "public"."Tenant" WHERE ("public"."Tenant"."id" = $1 AND 1=1) LIMIT $2 OFFSET $3
2026-02-11 19:39:54 +07:00: prisma:query SELECT "public"."Tenant"."id", "public"."Tenant"."name", "public"."Tenant"."schemaName", "public"."Tenant"."isActive", "public"."Tenant"."createdAt", "public"."Tenant"."updatedAt" FROM "public"."Tenant" WHERE ("public"."Tenant"."id" = $1 AND 1=1) LIMIT $2 OFFSET $3
2026-02-11 19:40:01 +07:00: prisma:query SELECT "public"."Tenant"."id", "public"."Tenant"."name", "public"."Tenant"."schemaName", "public"."Tenant"."isActive", "public"."Tenant"."createdAt", "public"."Tenant"."updatedAt" FROM "public"."Tenant" WHERE ("public"."Tenant"."id" = $1 AND 1=1) LIMIT $2 OFFSET $3
2026-02-11 19:40:07 +07:00: prisma:query SELECT 1
2026-02-11 19:40:07 +07:00: prisma:query SELECT "public"."Tenant"."id", "public"."Tenant"."name", "public"."Tenant"."schemaName", "public"."Tenant"."isActive", "public"."Tenant"."createdAt", "public"."Tenant"."updatedAt" FROM "public"."Tenant" WHERE ("public"."Tenant"."id" = $1 AND 1=1) LIMIT $2 OFFSET $3
2026-02-11 19:40:13 +07:00: prisma:query SELECT "public"."Tenant"."id", "public"."Tenant"."name", "public"."Tenant"."schemaName", "public"."Tenant"."isActive", "public"."Tenant"."createdAt", "public"."Tenant"."updatedAt" FROM "public"."Tenant" WHERE ("public"."Tenant"."id" = $1 AND 1=1) LIMIT $2 OFFSET $3
2026-02-11 19:40:16 +07:00: prisma:query SELECT "public"."Tenant"."id", "public"."Tenant"."name", "public"."Tenant"."schemaName", "public"."Tenant"."isActive", "public"."Tenant"."createdAt", "public"."Tenant"."updatedAt" FROM "public"."Tenant" WHERE ("public"."Tenant"."id" = $1 AND 1=1) LIMIT $2 OFFSET $3
2026-02-11 19:40:21 +07:00: prisma:query SELECT "public"."Tenant"."id", "public"."Tenant"."name", "public"."Tenant"."schemaName", "public"."Tenant"."isActive", "public"."Tenant"."createdAt", "public"."Tenant"."updatedAt" FROM "public"."Tenant" WHERE ("public"."Tenant"."id" = $1 AND 1=1) LIMIT $2 OFFSET $3
2026-02-11 19:40:21 +07:00: prisma:query SELECT "public"."Tenant"."id", "public"."Tenant"."name", "public"."Tenant"."schemaName", "public"."Tenant"."isActive", "public"."Tenant"."createdAt", "public"."Tenant"."updatedAt" FROM "public"."Tenant" WHERE ("public"."Tenant"."id" = $1 AND 1=1) LIMIT $2 OFFSET $3
2026-02-11 21:38:44 +07:00: prisma:query SELECT "public"."SuperAdmin"."id", "public"."SuperAdmin"."email", "public"."SuperAdmin"."password", "public"."SuperAdmin"."name", "public"."SuperAdmin"."createdAt", "public"."SuperAdmin"."updatedAt" FROM "public"."SuperAdmin" WHERE ("public"."SuperAdmin"."email" = $1 AND 1=1) LIMIT $2 OFFSET $3
2026-02-11 21:38:44 +07:00: prisma:query SELECT "public"."Tenant"."id", "public"."Tenant"."name", "public"."Tenant"."schemaName", "public"."Tenant"."isActive", "public"."Tenant"."createdAt", "public"."Tenant"."updatedAt" FROM "public"."Tenant" WHERE "public"."Tenant"."isActive" = $1 OFFSET $2
2026-02-11 21:38:45 +07:00: prisma:query SELECT "public"."Tenant"."id", "public"."Tenant"."name", "public"."Tenant"."schemaName", "public"."Tenant"."isActive", "public"."Tenant"."createdAt", "public"."Tenant"."updatedAt" FROM "public"."Tenant" WHERE ("public"."Tenant"."id" = $1 AND 1=1) LIMIT $2 OFFSET $3
2026-02-11 21:38:46 +07:00: prisma:query SELECT "public"."Tenant"."id", "public"."Tenant"."name", "public"."Tenant"."schemaName", "public"."Tenant"."isActive", "public"."Tenant"."createdAt", "public"."Tenant"."updatedAt" FROM "public"."Tenant" WHERE ("public"."Tenant"."id" = $1 AND 1=1) LIMIT $2 OFFSET $3
2026-02-11 21:38:47 +07:00: prisma:query SELECT "public"."Tenant"."id", "public"."Tenant"."name", "public"."Tenant"."schemaName", "public"."Tenant"."isActive", "public"."Tenant"."createdAt", "public"."Tenant"."updatedAt" FROM "public"."Tenant" WHERE ("public"."Tenant"."id" = $1 AND 1=1) LIMIT $2 OFFSET $3
2026-02-11 21:38:52 +07:00: prisma:query SELECT "public"."Tenant"."id", "public"."Tenant"."name", "public"."Tenant"."schemaName", "public"."Tenant"."isActive", "public"."Tenant"."createdAt", "public"."Tenant"."updatedAt" FROM "public"."Tenant" WHERE ("public"."Tenant"."id" = $1 AND 1=1) LIMIT $2 OFFSET $3
2026-02-11 21:38:58 +07:00: prisma:query SELECT "public"."Tenant"."id", "public"."Tenant"."name", "public"."Tenant"."schemaName", "public"."Tenant"."isActive", "public"."Tenant"."createdAt", "public"."Tenant"."updatedAt" FROM "public"."Tenant" WHERE ("public"."Tenant"."id" = $1 AND 1=1) LIMIT $2 OFFSET $3
2026-02-11 21:39:03 +07:00: prisma:query SELECT 1
2026-02-11 21:39:03 +07:00: prisma:query SELECT "public"."Tenant"."id", "public"."Tenant"."name", "public"."Tenant"."schemaName", "public"."Tenant"."isActive", "public"."Tenant"."createdAt", "public"."Tenant"."updatedAt" FROM "public"."Tenant" WHERE ("public"."Tenant"."id" = $1 AND 1=1) LIMIT $2 OFFSET $3
2026-02-11 21:39:03 +07:00: prisma:query SELECT "public"."Tenant"."id", "public"."Tenant"."name", "public"."Tenant"."schemaName", "public"."Tenant"."isActive", "public"."Tenant"."createdAt", "public"."Tenant"."updatedAt" FROM "public"."Tenant" WHERE ("public"."Tenant"."id" = $1 AND 1=1) LIMIT $2 OFFSET $3
2026-02-13 13:33:52 +07:00: [dotenv@17.2.3] injecting env (0) from .env -- tip: 🔐 prevent building .env in docker: https://dotenvx.com/prebuild
2026-02-13 13:33:52 +07:00: Server is running on port 3000
2026-02-13 13:33:52 +07:00: Swagger Docs available at http://localhost:3000/api-docs
2026-02-13 13:48:41 +07:00: [dotenv@17.2.3] injecting env (0) from .env -- tip: 🔐 encrypt with Dotenvx: https://dotenvx.com
2026-02-13 13:48:41 +07:00: Server is running on port 3000
2026-02-13 13:48:41 +07:00: Swagger Docs available at http://localhost:3000/api-docs
2026-03-30 15:13:52 +07:00: [dotenv@17.2.3] injecting env (0) from .env -- tip: ⚙️  enable debug logging with { debug: true }
2026-03-30 15:13:52 +07:00: Server is running on port 3000
2026-03-30 15:13:52 +07:00: Swagger Docs available at http://localhost:3000/api-docs
2026-03-30 15:31:30 +07:00: prisma:query SELECT "public"."SuperAdmin"."id", "public"."SuperAdmin"."email", "public"."SuperAdmin"."password", "public"."SuperAdmin"."name", "public"."SuperAdmin"."createdAt", "public"."SuperAdmin"."updatedAt" FROM "public"."SuperAdmin" WHERE ("public"."SuperAdmin"."email" = $1 AND 1=1) LIMIT $2 OFFSET $3
2026-03-30 15:31:30 +07:00: prisma:query SELECT "public"."Tenant"."id", "public"."Tenant"."name", "public"."Tenant"."schemaName", "public"."Tenant"."isActive", "public"."Tenant"."createdAt", "public"."Tenant"."updatedAt" FROM "public"."Tenant" WHERE "public"."Tenant"."isActive" = $1 OFFSET $2
2026-03-30 15:32:25 +07:00: prisma:query SELECT 1
2026-03-30 15:32:25 +07:00: prisma:query SELECT "public"."SuperAdmin"."id", "public"."SuperAdmin"."email", "public"."SuperAdmin"."password", "public"."SuperAdmin"."name", "public"."SuperAdmin"."createdAt", "public"."SuperAdmin"."updatedAt" FROM "public"."SuperAdmin" WHERE ("public"."SuperAdmin"."email" = $1 AND 1=1) LIMIT $2 OFFSET $3
2026-03-30 15:32:25 +07:00: prisma:query SELECT "public"."Tenant"."id", "public"."Tenant"."name", "public"."Tenant"."schemaName", "public"."Tenant"."isActive", "public"."Tenant"."createdAt", "public"."Tenant"."updatedAt" FROM "public"."Tenant" WHERE "public"."Tenant"."isActive" = $1 OFFSET $2
2026-03-30 15:32:25 +07:00: prisma:query SELECT "public"."Tenant"."id", "public"."Tenant"."name", "public"."Tenant"."schemaName", "public"."Tenant"."isActive", "public"."Tenant"."createdAt", "public"."Tenant"."updatedAt" FROM "public"."Tenant" WHERE ("public"."Tenant"."id" = $1 AND 1=1) LIMIT $2 OFFSET $3
2026-03-30 15:32:25 +07:00: prisma:query SELECT "public"."Tenant"."id", "public"."Tenant"."name", "public"."Tenant"."schemaName", "public"."Tenant"."isActive", "public"."Tenant"."createdAt", "public"."Tenant"."updatedAt" FROM "public"."Tenant" WHERE ("public"."Tenant"."id" = $1 AND 1=1) LIMIT $2 OFFSET $3
2026-03-30 15:32:25 +07:00: prisma:query SELECT "public"."Tenant"."id", "public"."Tenant"."name", "public"."Tenant"."schemaName", "public"."Tenant"."isActive", "public"."Tenant"."createdAt", "public"."Tenant"."updatedAt" FROM "public"."Tenant" WHERE ("public"."Tenant"."id" = $1 AND 1=1) LIMIT $2 OFFSET $3
2026-03-30 15:33:20 +07:00: prisma:query SELECT 1
2026-03-30 15:33:20 +07:00: prisma:query SELECT "public"."Tenant"."id", "public"."Tenant"."name", "public"."Tenant"."schemaName", "public"."Tenant"."isActive", "public"."Tenant"."createdAt", "public"."Tenant"."updatedAt" FROM "public"."Tenant" WHERE ("public"."Tenant"."id" = $1 AND 1=1) LIMIT $2 OFFSET $3
2026-03-30 15:33:20 +07:00: prisma:query SELECT "public"."Tenant"."id", "public"."Tenant"."name", "public"."Tenant"."schemaName", "public"."Tenant"."isActive", "public"."Tenant"."createdAt", "public"."Tenant"."updatedAt" FROM "public"."Tenant" WHERE ("public"."Tenant"."id" = $1 AND 1=1) LIMIT $2 OFFSET $3
2026-03-30 15:33:21 +07:00: prisma:query SELECT "public"."Tenant"."id", "public"."Tenant"."name", "public"."Tenant"."schemaName", "public"."Tenant"."isActive", "public"."Tenant"."createdAt", "public"."Tenant"."updatedAt" FROM "public"."Tenant" WHERE ("public"."Tenant"."id" = $1 AND 1=1) LIMIT $2 OFFSET $3
2026-03-30 15:46:16 +07:00: [dotenv@17.2.3] injecting env (0) from .env -- tip: 🛠️  run anywhere with `dotenvx run -- yourcommand`
2026-03-30 15:46:16 +07:00: Server is running on port 3000
2026-03-30 15:46:16 +07:00: Swagger Docs available at http://localhost:3000/api-docs
2026-03-30 15:47:12 +07:00: [dotenv@17.2.3] injecting env (0) from .env -- tip: ⚙️  override existing env vars with { override: true }
2026-03-30 15:47:12 +07:00: Server is running on port 3000
2026-03-30 15:47:12 +07:00: Swagger Docs available at http://localhost:3000/api-docs
2026-03-30 15:49:02 +07:00: [dotenv@17.2.3] injecting env (0) from .env -- tip: 🛠️  run anywhere with `dotenvx run -- yourcommand`
2026-03-30 15:49:02 +07:00: Server is running on port 3000
2026-03-30 15:49:02 +07:00: Swagger Docs available at http://localhost:3000/api-docs
2026-03-30 15:56:31 +07:00: prisma:query SELECT "public"."Tenant"."id", "public"."Tenant"."name", "public"."Tenant"."schemaName", "public"."Tenant"."isActive", "public"."Tenant"."createdAt", "public"."Tenant"."updatedAt" FROM "public"."Tenant" WHERE ("public"."Tenant"."id" = $1 AND 1=1) LIMIT $2 OFFSET $3
2026-03-30 17:19:24 +07:00: prisma:query SELECT "public"."SuperAdmin"."id", "public"."SuperAdmin"."email", "public"."SuperAdmin"."password", "public"."SuperAdmin"."name", "public"."SuperAdmin"."createdAt", "public"."SuperAdmin"."updatedAt" FROM "public"."SuperAdmin" WHERE ("public"."SuperAdmin"."email" = $1 AND 1=1) LIMIT $2 OFFSET $3
2026-03-30 17:19:24 +07:00: prisma:query SELECT "public"."Tenant"."id", "public"."Tenant"."name", "public"."Tenant"."schemaName", "public"."Tenant"."isActive", "public"."Tenant"."createdAt", "public"."Tenant"."updatedAt" FROM "public"."Tenant" WHERE "public"."Tenant"."isActive" = $1 OFFSET $2
2026-03-30 17:20:13 +07:00: prisma:query SELECT 1
2026-03-30 17:20:13 +07:00: prisma:query SELECT "public"."SuperAdmin"."id", "public"."SuperAdmin"."email", "public"."SuperAdmin"."password", "public"."SuperAdmin"."name", "public"."SuperAdmin"."createdAt", "public"."SuperAdmin"."updatedAt" FROM "public"."SuperAdmin" WHERE ("public"."SuperAdmin"."email" = $1 AND 1=1) LIMIT $2 OFFSET $3
2026-03-30 17:20:13 +07:00: prisma:query SELECT "public"."Tenant"."id", "public"."Tenant"."name", "public"."Tenant"."schemaName", "public"."Tenant"."isActive", "public"."Tenant"."createdAt", "public"."Tenant"."updatedAt" FROM "public"."Tenant" WHERE "public"."Tenant"."isActive" = $1 OFFSET $2
2026-03-30 17:20:13 +07:00: prisma:query SELECT "public"."Tenant"."id", "public"."Tenant"."name", "public"."Tenant"."schemaName", "public"."Tenant"."isActive", "public"."Tenant"."createdAt", "public"."Tenant"."updatedAt" FROM "public"."Tenant" WHERE ("public"."Tenant"."id" = $1 AND 1=1) LIMIT $2 OFFSET $3
2026-03-30 17:20:14 +07:00: prisma:query SELECT "public"."Tenant"."id", "public"."Tenant"."name", "public"."Tenant"."schemaName", "public"."Tenant"."isActive", "public"."Tenant"."createdAt", "public"."Tenant"."updatedAt" FROM "public"."Tenant" WHERE ("public"."Tenant"."id" = $1 AND 1=1) LIMIT $2 OFFSET $3
2026-03-30 17:20:14 +07:00: prisma:query SELECT "public"."Tenant"."id", "public"."Tenant"."name", "public"."Tenant"."schemaName", "public"."Tenant"."isActive", "public"."Tenant"."createdAt", "public"."Tenant"."updatedAt" FROM "public"."Tenant" WHERE ("public"."Tenant"."id" = $1 AND 1=1) LIMIT $2 OFFSET $3
2026-03-30 17:20:20 +07:00: prisma:query SELECT "public"."Tenant"."id", "public"."Tenant"."name", "public"."Tenant"."schemaName", "public"."Tenant"."isActive", "public"."Tenant"."createdAt", "public"."Tenant"."updatedAt" FROM "public"."Tenant" WHERE ("public"."Tenant"."id" = $1 AND 1=1) LIMIT $2 OFFSET $3
2026-03-30 17:20:29 +07:00: prisma:query SELECT 1
2026-03-30 17:20:29 +07:00: prisma:query SELECT "public"."Tenant"."id", "public"."Tenant"."name", "public"."Tenant"."schemaName", "public"."Tenant"."isActive", "public"."Tenant"."createdAt", "public"."Tenant"."updatedAt" FROM "public"."Tenant" WHERE ("public"."Tenant"."id" = $1 AND 1=1) LIMIT $2 OFFSET $3
2026-03-30 17:20:41 +07:00: prisma:query SELECT "public"."Tenant"."id", "public"."Tenant"."name", "public"."Tenant"."schemaName", "public"."Tenant"."isActive", "public"."Tenant"."createdAt", "public"."Tenant"."updatedAt" FROM "public"."Tenant" WHERE ("public"."Tenant"."id" = $1 AND 1=1) LIMIT $2 OFFSET $3
2026-03-30 17:20:47 +07:00: prisma:query SELECT 1
2026-03-30 17:20:47 +07:00: prisma:query SELECT "public"."Tenant"."id", "public"."Tenant"."name", "public"."Tenant"."schemaName", "public"."Tenant"."isActive", "public"."Tenant"."createdAt", "public"."Tenant"."updatedAt" FROM "public"."Tenant" WHERE ("public"."Tenant"."id" = $1 AND 1=1) LIMIT $2 OFFSET $3
2026-03-30 17:21:33 +07:00: prisma:query SELECT 1
2026-03-30 17:21:33 +07:00: prisma:query SELECT "public"."Tenant"."id", "public"."Tenant"."name", "public"."Tenant"."schemaName", "public"."Tenant"."isActive", "public"."Tenant"."createdAt", "public"."Tenant"."updatedAt" FROM "public"."Tenant" WHERE ("public"."Tenant"."id" = $1 AND 1=1) LIMIT $2 OFFSET $3
2026-03-30 17:21:33 +07:00: prisma:query SELECT "public"."Tenant"."id", "public"."Tenant"."name", "public"."Tenant"."schemaName", "public"."Tenant"."isActive", "public"."Tenant"."createdAt", "public"."Tenant"."updatedAt" FROM "public"."Tenant" WHERE ("public"."Tenant"."id" = $1 AND 1=1) LIMIT $2 OFFSET $3
2026-03-30 17:21:40 +07:00: prisma:query SELECT "public"."Tenant"."id", "public"."Tenant"."name", "public"."Tenant"."schemaName", "public"."Tenant"."isActive", "public"."Tenant"."createdAt", "public"."Tenant"."updatedAt" FROM "public"."Tenant" WHERE ("public"."Tenant"."id" = $1 AND 1=1) LIMIT $2 OFFSET $3
2026-03-30 17:24:28 +07:00: prisma:query SELECT "public"."SuperAdmin"."id", "public"."SuperAdmin"."email", "public"."SuperAdmin"."password", "public"."SuperAdmin"."name", "public"."SuperAdmin"."createdAt", "public"."SuperAdmin"."updatedAt" FROM "public"."SuperAdmin" WHERE ("public"."SuperAdmin"."email" = $1 AND 1=1) LIMIT $2 OFFSET $3
2026-03-30 17:24:28 +07:00: prisma:query SELECT "public"."Tenant"."id", "public"."Tenant"."name", "public"."Tenant"."schemaName", "public"."Tenant"."isActive", "public"."Tenant"."createdAt", "public"."Tenant"."updatedAt" FROM "public"."Tenant" WHERE "public"."Tenant"."isActive" = $1 OFFSET $2
2026-03-30 17:24:28 +07:00: prisma:query SELECT "public"."Tenant"."id", "public"."Tenant"."name", "public"."Tenant"."schemaName", "public"."Tenant"."isActive", "public"."Tenant"."createdAt", "public"."Tenant"."updatedAt" FROM "public"."Tenant" WHERE ("public"."Tenant"."id" = $1 AND 1=1) LIMIT $2 OFFSET $3
2026-03-30 17:24:28 +07:00: prisma:query SELECT "public"."Tenant"."id", "public"."Tenant"."name", "public"."Tenant"."schemaName", "public"."Tenant"."isActive", "public"."Tenant"."createdAt", "public"."Tenant"."updatedAt" FROM "public"."Tenant" WHERE ("public"."Tenant"."id" = $1 AND 1=1) LIMIT $2 OFFSET $3
2026-03-30 17:24:28 +07:00: prisma:query SELECT "public"."Tenant"."id", "public"."Tenant"."name", "public"."Tenant"."schemaName", "public"."Tenant"."isActive", "public"."Tenant"."createdAt", "public"."Tenant"."updatedAt" FROM "public"."Tenant" WHERE ("public"."Tenant"."id" = $1 AND 1=1) LIMIT $2 OFFSET $3
2026-03-30 17:24:39 +07:00: prisma:query SELECT "public"."Tenant"."id", "public"."Tenant"."name", "public"."Tenant"."schemaName", "public"."Tenant"."isActive", "public"."Tenant"."createdAt", "public"."Tenant"."updatedAt" FROM "public"."Tenant" WHERE ("public"."Tenant"."id" = $1 AND 1=1) LIMIT $2 OFFSET $3
